[0m[1mÚÄÄÄÄÄÄÄÄÄÄÄÄÄÄÄÄÄÄÄÄÄÄÄÄÄÄÄÄÄÄÄÄÄÄÄÄÄÄÄÄÄÄÄÄÄÄÄÄÄÄÄÄÄÄÄÄÄÄÄÄÄÄÄÄÄÄÄÄÄÄÄÄÄÄÄÄÄÄ¿³[0m[78C[1m³³[0m [1mArduino[0m[70C[1m³³[0m[78C[1m³³[0m   [1m[0m [1mOpen Source[0m[62C[1m³³[0m[78C[1m³³[0m   [1m[0m [1mC++ Library for Atmel ATmega microcontrollers[0m[28C[1m³³[0m[78C[1m³³[0m   [1m[0m [1mDevices[0m[66C[1m³³[0m[78C[1m³³[0m[5C[1mú UNO (was Duemilanove) is the most popular device[0m[23C[1m³³[0m[78C[1m³³[0m [1m [0m   [1m  - Standard layout for Shields[0m[42C[1m³³[0m[78C[1m³³[0m[7C[1m- Clones[0m[63C[1m³³[0m[9C[1mú Netduino - runs .NET Micro Framework[0m[31C[1m³³[0m[9C[1mú[0m [1mMega - More I/O [0m[51C[1m³³[0m[78C[1m³³[0m[5C[1mú Nano - small[0m[59C[1m³³[0m[78C[1m³³[0m   [1m[0m [1mIDE - Java based on "processing"[0m[41C[1m³³[0m[78C[1m³³[0m[78C[1m³ÀÄÄÄÄÄÄÄÄÄÄÄÄÄÄÄÄÄÄÄÄÄÄÄÄÄÄÄÄÄÄÄÄÄÄÄÄÄÄÄÄÄÄÄÄÄÄÄÄÄÄÄÄÄÄÄÄÄÄÄÄÄÄÄÄÄÄÄÄÄÄÄÄÄÄÄÄÄÄÙ