[0m[1mÚÄÄÄÄÄÄÄÄÄÄÄÄÄÄÄÄÄÄÄÄÄÄÄÄÄÄÄÄÄÄÄÄÄÄÄÄÄÄÄÄÄÄÄÄÄÄÄÄÄÄÄÄÄÄÄÄÄÄÄÄÄÄÄÄÄÄÄÄÄÄÄÄÄÄÄÄÄÄ¿³[0m[78C[1m³³[0m [1mMicrocontollers[0m[62C[1m³³[0m[78C[1m³³[0m  [1m[0m [1mSmall computer on a single chip[0m[43C[1m³³[0m[78C[1m³³[0m    [1mú Processor[0m[63C[1m³³[0m[78C[1m³³[0m    [1mú Memory[0m[66C[1m³³[0m[78C[1m³³[0m    [1mú Input/Output[0m[60C[1m³³[0m[78C[1m³³[0m [1m  Cheap[0m[69C[1m³³[0m[78C[1m³³[0m  [1m[0m [1mFound Everywhere[0m[58C[1m³³[0m[78C[1m³³[0m  [1m[0m [1mTypically Harvard Architecture[0m[44C[1m³³[0m[78C[1m³³[0m[78C[1m³³[0m[78C[1m³³[0m[78C[1m³³[0m[78C[1m³³[0m[78C[1m³ÀÄÄÄÄÄÄÄÄÄÄÄÄÄÄÄÄÄÄÄÄÄÄÄÄÄÄÄÄÄÄÄÄÄÄÄÄÄÄÄÄÄÄÄÄÄÄÄÄÄÄÄÄÄÄÄÄÄÄÄÄÄÄÄÄÄÄÄÄÄÄÄÄÄÄÄÄÄÄÙ