[0m[1mÚÄÄÄÄÄÄÄÄÄÄÄÄÄÄÄÄÄÄÄÄÄÄÄÄÄÄÄÄÄÄÄÄÄÄÄÄÄÄÄÄÄÄÄÄÄÄÄÄÄÄÄÄÄÄÄÄÄÄÄÄÄÄÄÄÄÄÄÄÄÄÄÄÄÄÄÄÄÄ¿³[0m[78C[1m³³[0m [1mUNO[0m[74C[1m³³[0m[78C[1m³³[0m  [1m[0m [1mUSB -> Serial[0m[61C[1m³³[0m[78C[1m³³[0m  [1m[0m [1mATmega 328P[0m[63C[1m³³[0m[78C[1m³³[0m    [1mú 32KB Flash Memory[0m[55C[1m³³[0m[78C[1m³³[0m    [1mú 2KB SRAM[0m[64C[1m³³[0m[78C[1m³³[0m [1m [0m  [1mú 1KB EEPROM[0m[62C[1m³³[0m[78C[1m³³[0m    [1mú[0m [1m16MHz Clock[0m[61C[1m³³[0m[78C[1m³³[0m    [1mú I/O[0m[69C[1m³³[0m[78C[1m³³[0m[6C[1m- 14 digial (6 PWM)[0m[53C[1m³³[0m[78C[1m³³[0m[6C[1m- 6 analog[0m[62C[1m³³[0m[78C[1m³³[0m[78C[1m³ÀÄÄÄÄÄÄÄÄÄÄÄÄÄÄÄÄÄÄÄÄÄÄÄÄÄÄÄÄÄÄÄÄÄÄÄÄÄÄÄÄÄÄÄÄÄÄÄÄÄÄÄÄÄÄÄÄÄÄÄÄÄÄÄÄÄÄÄÄÄÄÄÄÄÄÄÄÄÄÙ